// Jest Snapshot v1, https://goo.gl/fbAQLP

exports[`Page renders correctly 1`] = `
<div>
  <div>
    <h1>
      test
    </h1>
    <div>
      test
    </div>
  </div>
</div>
`;
