// Jest Snapshot v1, https://goo.gl/fbAQLP

exports[`Menu renders correctly 1`] = `
<nav
  className="menu"
>
  <ul
    className="menu__list"
  >
    <li
      className="menu__list-item"
    >
      <a
        className="menu__list_item_link"
        href="/#0/"
      >
        Item 0
      </a>
    </li>
    <li
      className="menu__list-item"
    >
      <a
        className="menu__list_item_link"
        href="/#1/"
      >
        Item 1
      </a>
    </li>
    <li
      className="menu__list-item"
    >
      <a
        activeClassName="menu__list_item_link_active"
        className="menu__list_item_link"
        href="https://www.example.com"
      >
        External Item 1
      </a>
    </li>
  </ul>
</nav>
`;
