// Jest Snapshot v1, https://goo.gl/fbAQLP

exports[`Content renders correctly 1`] = `
<div>
  <h1>
    test
  </h1>
  <div
    dangerouslySetInnerHTML={
      {
        "__html": "<p>test</p>",
      }
    }
  />
</div>
`;
