// Jest Snapshot v1, https://goo.gl/fbAQLP

exports[`Feed renders correctly 1`] = `
<div
  className="feed"
>
  <div
    className="feed__item"
  >
    <div
      className="feed__item-meta"
    >
      <time
        className="feed__item-meta-time"
        dateTime="September 1, 2016"
      >
        September 2016
      </time>
      <span
        className="feed__item-meta-divider"
      />
      <span
        className="feed__item-meta-category"
      >
        <a
          className="feed__item-meta-category-link"
          href="/test_0"
        >
          test_0
        </a>
      </span>
    </div>
    <h2
      className="feed__item-title"
    >
      <a
        className="feed__item-title-link"
        href="/test_0"
      >
        test_0
      </a>
    </h2>
    <p
      className="feed__item-description"
    >
      test_0
    </p>
    <div
      data-frameborder="no"
      data-height="90"
      data-playerurl="https://elevenlabs.io/player/index.html"
      data-projectid="SjZf1f1TP9cUscKEZki4"
      data-publicuserid="public-id-0"
      data-scrolling="no"
      data-width="100%"
      id="elevenlabs-audionative-widget"
    >
      Loading the
       
      <a
        href="https://elevenlabs.io/text-to-speech"
        rel="noopener"
        target="_blank"
      >
        Elevenlabs Text to Speech
      </a>
       
      AudioNative Player...
    </div>
    <a
      className="feed__item-readmore"
      href="/test_0"
    >
      Read
    </a>
  </div>
  <div
    className="feed__item"
  >
    <div
      className="feed__item-meta"
    >
      <time
        className="feed__item-meta-time"
        dateTime="September 1, 2016"
      >
        September 2016
      </time>
      <span
        className="feed__item-meta-divider"
      />
      <span
        className="feed__item-meta-category"
      >
        <a
          className="feed__item-meta-category-link"
          href="/test_1"
        >
          test_1
        </a>
      </span>
    </div>
    <h2
      className="feed__item-title"
    >
      <a
        className="feed__item-title-link"
        href="/test_1"
      >
        test_1
      </a>
    </h2>
    <p
      className="feed__item-description"
    >
      test_1
    </p>
    <div
      data-frameborder="no"
      data-height="90"
      data-playerurl="https://elevenlabs.io/player/index.html"
      data-projectid="SjZf1f1TP9cUscKEZki4"
      data-publicuserid="public-id-1"
      data-scrolling="no"
      data-width="100%"
      id="elevenlabs-audionative-widget"
    >
      Loading the
       
      <a
        href="https://elevenlabs.io/text-to-speech"
        rel="noopener"
        target="_blank"
      >
        Elevenlabs Text to Speech
      </a>
       
      AudioNative Player...
    </div>
    <a
      className="feed__item-readmore"
      href="/test_1"
    >
      Read
    </a>
  </div>
</div>
`;
